<?xml version="1.0" encoding="UTF-8"?>
<testsuites>
  <testsuite name="/home/runner/work/blanka/blanka/phpunit.xml" tests="152" assertions="362" errors="15" failures="6" skipped="0" time="6.223366">
    <testsuite name="Unit" tests="128" assertions="292" errors="3" failures="6" skipped="0" time="4.760346">
      <testsuite name="Tests\Unit\ExampleTest" file="Example (Tests\Unit\Example)" tests="1" assertions="1" errors="0" failures="0" skipped="0" time="0.001529">
        <testcase name="Example" file="Example (Tests\Unit\Example)::Example" class="Tests\Unit\ExampleTest" classname="Tests.Unit.ExampleTest" assertions="1" time="0.001529"/>
      </testsuite>
      <testsuite name="Tests\Unit\Jobs\LifeSyncHealthQuestionnaireJobTest" file="Life Sync Health Questionnaire Job (Tests\Unit\Jobs\LifeSyncHealthQuestionnaireJob)" tests="14" assertions="31" errors="0" failures="0" skipped="0" time="0.568573">
        <testcase name="Job constructor sets properties" file="Life Sync Health Questionnaire Job (Tests\Unit\Jobs\LifeSyncHealthQuestionnaireJob)::Job constructor sets properties" class="Tests\Unit\Jobs\LifeSyncHealthQuestionnaireJobTest" classname="Tests.Unit.Jobs.LifeSyncHealthQuestionnaireJobTest" assertions="4" time="0.165673"/>
        <testcase name="Handle success" file="Life Sync Health Questionnaire Job (Tests\Unit\Jobs\LifeSyncHealthQuestionnaireJob)::Handle success" class="Tests\Unit\Jobs\LifeSyncHealthQuestionnaireJobTest" classname="Tests.Unit.Jobs.LifeSyncHealthQuestionnaireJobTest" assertions="1" time="0.051285"/>
        <testcase name="Handle with error response" file="Life Sync Health Questionnaire Job (Tests\Unit\Jobs\LifeSyncHealthQuestionnaireJob)::Handle with error response" class="Tests\Unit\Jobs\LifeSyncHealthQuestionnaireJobTest" classname="Tests.Unit.Jobs.LifeSyncHealthQuestionnaireJobTest" assertions="2" time="0.036786"/>
        <testcase name="Handle with exception" file="Life Sync Health Questionnaire Job (Tests\Unit\Jobs\LifeSyncHealthQuestionnaireJob)::Handle with exception" class="Tests\Unit\Jobs\LifeSyncHealthQuestionnaireJobTest" classname="Tests.Unit.Jobs.LifeSyncHealthQuestionnaireJobTest" assertions="2" time="0.026106"/>
        <testcase name="Handle with array result success true" file="Life Sync Health Questionnaire Job (Tests\Unit\Jobs\LifeSyncHealthQuestionnaireJob)::Handle with array result success true" class="Tests\Unit\Jobs\LifeSyncHealthQuestionnaireJobTest" classname="Tests.Unit.Jobs.LifeSyncHealthQuestionnaireJobTest" assertions="1" time="0.027793"/>
        <testcase name="Middleware returns array" file="Life Sync Health Questionnaire Job (Tests\Unit\Jobs\LifeSyncHealthQuestionnaireJob)::Middleware returns array" class="Tests\Unit\Jobs\LifeSyncHealthQuestionnaireJobTest" classname="Tests.Unit.Jobs.LifeSyncHealthQuestionnaireJobTest" assertions="1" time="0.025614"/>
        <testcase name="Job implements should queue" file="Life Sync Health Questionnaire Job (Tests\Unit\Jobs\LifeSyncHealthQuestionnaireJob)::Job implements should queue" class="Tests\Unit\Jobs\LifeSyncHealthQuestionnaireJobTest" classname="Tests.Unit.Jobs.LifeSyncHealthQuestionnaireJobTest" assertions="1" time="0.031384"/>
        <testcase name="Job uses correct traits" file="Life Sync Health Questionnaire Job (Tests\Unit\Jobs\LifeSyncHealthQuestionnaireJob)::Job uses correct traits" class="Tests\Unit\Jobs\LifeSyncHealthQuestionnaireJobTest" classname="Tests.Unit.Jobs.LifeSyncHealthQuestionnaireJobTest" assertions="4" time="0.030516"/>
        <testcase name="Job properties are correctly typed" file="Life Sync Health Questionnaire Job (Tests\Unit\Jobs\LifeSyncHealthQuestionnaireJob)::Job properties are correctly typed" class="Tests\Unit\Jobs\LifeSyncHealthQuestionnaireJobTest" classname="Tests.Unit.Jobs.LifeSyncHealthQuestionnaireJobTest" assertions="6" time="0.042518"/>
        <testcase name="Job has required methods" file="Life Sync Health Questionnaire Job (Tests\Unit\Jobs\LifeSyncHealthQuestionnaireJob)::Job has required methods" class="Tests\Unit\Jobs\LifeSyncHealthQuestionnaireJobTest" classname="Tests.Unit.Jobs.LifeSyncHealthQuestionnaireJobTest" assertions="3" time="0.025605"/>
        <testcase name="Job methods are public" file="Life Sync Health Questionnaire Job (Tests\Unit\Jobs\LifeSyncHealthQuestionnaireJob)::Job methods are public" class="Tests\Unit\Jobs\LifeSyncHealthQuestionnaireJobTest" classname="Tests.Unit.Jobs.LifeSyncHealthQuestionnaireJobTest" assertions="3" time="0.027805"/>
        <testcase name="Job constructor accepts array" file="Life Sync Health Questionnaire Job (Tests\Unit\Jobs\LifeSyncHealthQuestionnaireJob)::Job constructor accepts array" class="Tests\Unit\Jobs\LifeSyncHealthQuestionnaireJobTest" classname="Tests.Unit.Jobs.LifeSyncHealthQuestionnaireJobTest" assertions="1" time="0.024858"/>
        <testcase name="Job constructor with empty array" file="Life Sync Health Questionnaire Job (Tests\Unit\Jobs\LifeSyncHealthQuestionnaireJob)::Job constructor with empty array" class="Tests\Unit\Jobs\LifeSyncHealthQuestionnaireJobTest" classname="Tests.Unit.Jobs.LifeSyncHealthQuestionnaireJobTest" assertions="1" time="0.025172"/>
        <testcase name="Job constructor with minimal data" file="Life Sync Health Questionnaire Job (Tests\Unit\Jobs\LifeSyncHealthQuestionnaireJob)::Job constructor with minimal data" class="Tests\Unit\Jobs\LifeSyncHealthQuestionnaireJobTest" classname="Tests.Unit.Jobs.LifeSyncHealthQuestionnaireJobTest" assertions="1" time="0.027458"/>
      </testsuite>
      <testsuite name="Tests\Unit\Services\MetLife\MTLHealthQuestionnaireServiceTest" file="MTLHealth Questionnaire Service (Tests\Unit\Services\MetLife\MTLHealthQuestionnaireService)" tests="15" assertions="32" errors="0" failures="0" skipped="0" time="0.540874">
        <testcase name="Is health questionnaire validation" file="MTLHealth Questionnaire Service (Tests\Unit\Services\MetLife\MTLHealthQuestionnaireService)::Is health questionnaire validation" class="Tests\Unit\Services\MetLife\MTLHealthQuestionnaireServiceTest" classname="Tests.Unit.Services.MetLife.MTLHealthQuestionnaireServiceTest" assertions="4" time="0.146297"/>
        <testcase name="Extract health questionnaire success" file="MTLHealth Questionnaire Service (Tests\Unit\Services\MetLife\MTLHealthQuestionnaireService)::Extract health questionnaire success" class="Tests\Unit\Services\MetLife\MTLHealthQuestionnaireServiceTest" classname="Tests.Unit.Services.MetLife.MTLHealthQuestionnaireServiceTest" assertions="6" time="0.032873"/>
        <testcase name="Extract health questionnaire not found" file="MTLHealth Questionnaire Service (Tests\Unit\Services\MetLife\MTLHealthQuestionnaireService)::Extract health questionnaire not found" class="Tests\Unit\Services\MetLife\MTLHealthQuestionnaireServiceTest" classname="Tests.Unit.Services.MetLife.MTLHealthQuestionnaireServiceTest" assertions="1" time="0.027251"/>
        <testcase name="Extract health questionnaire empty fields" file="MTLHealth Questionnaire Service (Tests\Unit\Services\MetLife\MTLHealthQuestionnaireService)::Extract health questionnaire empty fields" class="Tests\Unit\Services\MetLife\MTLHealthQuestionnaireServiceTest" classname="Tests.Unit.Services.MetLife.MTLHealthQuestionnaireServiceTest" assertions="1" time="0.026787"/>
        <testcase name="Extract health questionnaire missing submitted data" file="MTLHealth Questionnaire Service (Tests\Unit\Services\MetLife\MTLHealthQuestionnaireService)::Extract health questionnaire missing submitted data" class="Tests\Unit\Services\MetLife\MTLHealthQuestionnaireServiceTest" classname="Tests.Unit.Services.MetLife.MTLHealthQuestionnaireServiceTest" assertions="1" time="0.030896"/>
        <testcase name="Extract health questionnaire missing fields" file="MTLHealth Questionnaire Service (Tests\Unit\Services\MetLife\MTLHealthQuestionnaireService)::Extract health questionnaire missing fields" class="Tests\Unit\Services\MetLife\MTLHealthQuestionnaireServiceTest" classname="Tests.Unit.Services.MetLife.MTLHealthQuestionnaireServiceTest" assertions="1" time="0.026345"/>
        <testcase name="Is health questionnaire with missing required fields" file="MTLHealth Questionnaire Service (Tests\Unit\Services\MetLife\MTLHealthQuestionnaireService)::Is health questionnaire with missing required fields" class="Tests\Unit\Services\MetLife\MTLHealthQuestionnaireServiceTest" classname="Tests.Unit.Services.MetLife.MTLHealthQuestionnaireServiceTest" assertions="4" time="0.026246"/>
        <testcase name="Is health questionnaire with empty array" file="MTLHealth Questionnaire Service (Tests\Unit\Services\MetLife\MTLHealthQuestionnaireService)::Is health questionnaire with empty array" class="Tests\Unit\Services\MetLife\MTLHealthQuestionnaireServiceTest" classname="Tests.Unit.Services.MetLife.MTLHealthQuestionnaireServiceTest" assertions="1" time="0.032123"/>
        <testcase name="Is health questionnaire with null" file="MTLHealth Questionnaire Service (Tests\Unit\Services\MetLife\MTLHealthQuestionnaireService)::Is health questionnaire with null" class="Tests\Unit\Services\MetLife\MTLHealthQuestionnaireServiceTest" classname="Tests.Unit.Services.MetLife.MTLHealthQuestionnaireServiceTest" assertions="1" time="0.026646"/>
        <testcase name="Is health questionnaire case sensitivity" file="MTLHealth Questionnaire Service (Tests\Unit\Services\MetLife\MTLHealthQuestionnaireService)::Is health questionnaire case sensitivity" class="Tests\Unit\Services\MetLife\MTLHealthQuestionnaireServiceTest" classname="Tests.Unit.Services.MetLife.MTLHealthQuestionnaireServiceTest" assertions="2" time="0.027846"/>
        <testcase name="Is health questionnaire with extra fields" file="MTLHealth Questionnaire Service (Tests\Unit\Services\MetLife\MTLHealthQuestionnaireService)::Is health questionnaire with extra fields" class="Tests\Unit\Services\MetLife\MTLHealthQuestionnaireServiceTest" classname="Tests.Unit.Services.MetLife.MTLHealthQuestionnaireServiceTest" assertions="1" time="0.031539"/>
        <testcase name="Extract health questionnaire with multiple forms" file="MTLHealth Questionnaire Service (Tests\Unit\Services\MetLife\MTLHealthQuestionnaireService)::Extract health questionnaire with multiple forms" class="Tests\Unit\Services\MetLife\MTLHealthQuestionnaireServiceTest" classname="Tests.Unit.Services.MetLife.MTLHealthQuestionnaireServiceTest" assertions="2" time="0.026155"/>
        <testcase name="Service instantiation" file="MTLHealth Questionnaire Service (Tests\Unit\Services\MetLife\MTLHealthQuestionnaireService)::Service instantiation" class="Tests\Unit\Services\MetLife\MTLHealthQuestionnaireServiceTest" classname="Tests.Unit.Services.MetLife.MTLHealthQuestionnaireServiceTest" assertions="1" time="0.025775"/>
        <testcase name="Service has required methods" file="MTLHealth Questionnaire Service (Tests\Unit\Services\MetLife\MTLHealthQuestionnaireService)::Service has required methods" class="Tests\Unit\Services\MetLife\MTLHealthQuestionnaireServiceTest" classname="Tests.Unit.Services.MetLife.MTLHealthQuestionnaireServiceTest" assertions="3" time="0.028605"/>
        <testcase name="Service methods are private or public" file="MTLHealth Questionnaire Service (Tests\Unit\Services\MetLife\MTLHealthQuestionnaireService)::Service methods are private or public" class="Tests\Unit\Services\MetLife\MTLHealthQuestionnaireServiceTest" classname="Tests.Unit.Services.MetLife.MTLHealthQuestionnaireServiceTest" assertions="3" time="0.025490"/>
      </testsuite>
      <testsuite name="Tests\Unit\Services\MetLife\MetLifeApiServiceTest" file="Met Life Api Service (Tests\Unit\Services\MetLife\MetLifeApiService)" tests="30" assertions="80" errors="3" failures="0" skipped="0" time="1.027147">
        <testcase name="Is metlife enabled returns boolean" file="Met Life Api Service (Tests\Unit\Services\MetLife\MetLifeApiService)::Is metlife enabled returns boolean" class="Tests\Unit\Services\MetLife\MetLifeApiServiceTest" classname="Tests.Unit.Services.MetLife.MetLifeApiServiceTest" assertions="1" time="0.172845"/>
        <testcase name="Get mime type from extension pdf" file="Met Life Api Service (Tests\Unit\Services\MetLife\MetLifeApiService)::Get mime type from extension pdf" class="Tests\Unit\Services\MetLife\MetLifeApiServiceTest" classname="Tests.Unit.Services.MetLife.MetLifeApiServiceTest" assertions="1" time="0.027063"/>
        <testcase name="Get mime type from extension docx" file="Met Life Api Service (Tests\Unit\Services\MetLife\MetLifeApiService)::Get mime type from extension docx" class="Tests\Unit\Services\MetLife\MetLifeApiServiceTest" classname="Tests.Unit.Services.MetLife.MetLifeApiServiceTest" assertions="1" time="0.026969"/>
        <testcase name="Get mime type from extension unknown" file="Met Life Api Service (Tests\Unit\Services\MetLife\MetLifeApiService)::Get mime type from extension unknown" class="Tests\Unit\Services\MetLife\MetLifeApiServiceTest" classname="Tests.Unit.Services.MetLife.MetLifeApiServiceTest" assertions="1" time="0.029720"/>
        <testcase name="Get mime type from extension case insensitive" file="Met Life Api Service (Tests\Unit\Services\MetLife\MetLifeApiService)::Get mime type from extension case insensitive" class="Tests\Unit\Services\MetLife\MetLifeApiServiceTest" classname="Tests.Unit.Services.MetLife.MetLifeApiServiceTest" assertions="1" time="0.027010"/>
        <testcase name="Accepted document mime types structure" file="Met Life Api Service (Tests\Unit\Services\MetLife\MetLifeApiService)::Accepted document mime types structure" class="Tests\Unit\Services\MetLife\MetLifeApiServiceTest" classname="Tests.Unit.Services.MetLife.MetLifeApiServiceTest" assertions="0" time="0.031036">
          <error type="ReflectionException">Accepted document mime types structureReflectionException: Property App\Services\MetLife\MetLifeApiService::$acceptedDocumentMimeTypes does not exist
at tests/Unit/Services/MetLife/MetLifeApiServiceTest.php:84</error>
        </testcase>
        <testcase name="Service initialization properties" file="Met Life Api Service (Tests\Unit\Services\MetLife\MetLifeApiService)::Service initialization properties" class="Tests\Unit\Services\MetLife\MetLifeApiServiceTest" classname="Tests.Unit.Services.MetLife.MetLifeApiServiceTest" assertions="3" time="0.031249"/>
        <testcase name="Upload to metlife validation missing policy number" file="Met Life Api Service (Tests\Unit\Services\MetLife\MetLifeApiService)::Upload to metlife validation missing policy number" class="Tests\Unit\Services\MetLife\MetLifeApiServiceTest" classname="Tests.Unit.Services.MetLife.MetLifeApiServiceTest" assertions="2" time="0.026508"/>
        <testcase name="Upload to metlife validation missing file" file="Met Life Api Service (Tests\Unit\Services\MetLife\MetLifeApiService)::Upload to metlife validation missing file" class="Tests\Unit\Services\MetLife\MetLifeApiServiceTest" classname="Tests.Unit.Services.MetLife.MetLifeApiServiceTest" assertions="2" time="0.027060"/>
        <testcase name="Upload to metlife validation empty policy number" file="Met Life Api Service (Tests\Unit\Services\MetLife\MetLifeApiService)::Upload to metlife validation empty policy number" class="Tests\Unit\Services\MetLife\MetLifeApiServiceTest" classname="Tests.Unit.Services.MetLife.MetLifeApiServiceTest" assertions="2" time="0.032331"/>
        <testcase name="Upload to metlife validation empty file" file="Met Life Api Service (Tests\Unit\Services\MetLife\MetLifeApiService)::Upload to metlife validation empty file" class="Tests\Unit\Services\MetLife\MetLifeApiServiceTest" classname="Tests.Unit.Services.MetLife.MetLifeApiServiceTest" assertions="2" time="0.027058"/>
        <testcase name="Response structure consistency" file="Met Life Api Service (Tests\Unit\Services\MetLife\MetLifeApiService)::Response structure consistency" class="Tests\Unit\Services\MetLife\MetLifeApiServiceTest" classname="Tests.Unit.Services.MetLife.MetLifeApiServiceTest" assertions="3" time="0.032780"/>
        <testcase name="Upload to metlife with valid data structure" file="Met Life Api Service (Tests\Unit\Services\MetLife\MetLifeApiService)::Upload to metlife with valid data structure" class="Tests\Unit\Services\MetLife\MetLifeApiServiceTest" classname="Tests.Unit.Services.MetLife.MetLifeApiServiceTest" assertions="3" time="0.031349"/>
        <testcase name="Upload to metlife with null policy number" file="Met Life Api Service (Tests\Unit\Services\MetLife\MetLifeApiService)::Upload to metlife with null policy number" class="Tests\Unit\Services\MetLife\MetLifeApiServiceTest" classname="Tests.Unit.Services.MetLife.MetLifeApiServiceTest" assertions="2" time="0.028120"/>
        <testcase name="Upload to metlife with null file" file="Met Life Api Service (Tests\Unit\Services\MetLife\MetLifeApiService)::Upload to metlife with null file" class="Tests\Unit\Services\MetLife\MetLifeApiServiceTest" classname="Tests.Unit.Services.MetLife.MetLifeApiServiceTest" assertions="2" time="0.026874"/>
        <testcase name="Upload to metlife with whitespace policy number" file="Met Life Api Service (Tests\Unit\Services\MetLife\MetLifeApiService)::Upload to metlife with whitespace policy number" class="Tests\Unit\Services\MetLife\MetLifeApiServiceTest" classname="Tests.Unit.Services.MetLife.MetLifeApiServiceTest" assertions="2" time="0.030919"/>
        <testcase name="Upload to metlife with whitespace file" file="Met Life Api Service (Tests\Unit\Services\MetLife\MetLifeApiService)::Upload to metlife with whitespace file" class="Tests\Unit\Services\MetLife\MetLifeApiServiceTest" classname="Tests.Unit.Services.MetLife.MetLifeApiServiceTest" assertions="2" time="0.026985"/>
        <testcase name="Get api version returns string" file="Met Life Api Service (Tests\Unit\Services\MetLife\MetLifeApiService)::Get api version returns string" class="Tests\Unit\Services\MetLife\MetLifeApiServiceTest" classname="Tests.Unit.Services.MetLife.MetLifeApiServiceTest" assertions="2" time="0.036942"/>
        <testcase name="Accepted document mime types contains expected types" file="Met Life Api Service (Tests\Unit\Services\MetLife\MetLifeApiService)::Accepted document mime types contains expected types" class="Tests\Unit\Services\MetLife\MetLifeApiServiceTest" classname="Tests.Unit.Services.MetLife.MetLifeApiServiceTest" assertions="0" time="0.036768">
          <error type="ReflectionException">Accepted document mime types contains expected typesReflectionException: Property App\Services\MetLife\MetLifeApiService::$acceptedDocumentMimeTypes does not exist
at tests/Unit/Services/MetLife/MetLifeApiServiceTest.php:263</error>
        </testcase>
        <testcase name="Accepted document mime types is array" file="Met Life Api Service (Tests\Unit\Services\MetLife\MetLifeApiService)::Accepted document mime types is array" class="Tests\Unit\Services\MetLife\MetLifeApiServiceTest" classname="Tests.Unit.Services.MetLife.MetLifeApiServiceTest" assertions="0" time="0.027239">
          <error type="ReflectionException">Accepted document mime types is arrayReflectionException: Property App\Services\MetLife\MetLifeApiService::$acceptedDocumentMimeTypes does not exist
at tests/Unit/Services/MetLife/MetLifeApiServiceTest.php:284</error>
        </testcase>
        <testcase name="Get mime type from extension doc" file="Met Life Api Service (Tests\Unit\Services\MetLife\MetLifeApiService)::Get mime type from extension doc" class="Tests\Unit\Services\MetLife\MetLifeApiServiceTest" classname="Tests.Unit.Services.MetLife.MetLifeApiServiceTest" assertions="1" time="0.026790"/>
        <testcase name="Get mime type from extension empty string" file="Met Life Api Service (Tests\Unit\Services\MetLife\MetLifeApiService)::Get mime type from extension empty string" class="Tests\Unit\Services\MetLife\MetLifeApiServiceTest" classname="Tests.Unit.Services.MetLife.MetLifeApiServiceTest" assertions="1" time="0.030088"/>
        <testcase name="Get mime type from extension with dots" file="Met Life Api Service (Tests\Unit\Services\MetLife\MetLifeApiService)::Get mime type from extension with dots" class="Tests\Unit\Services\MetLife\MetLifeApiServiceTest" classname="Tests.Unit.Services.MetLife.MetLifeApiServiceTest" assertions="1" time="0.026676"/>
        <testcase name="Get mime type from extension mixed case" file="Met Life Api Service (Tests\Unit\Services\MetLife\MetLifeApiService)::Get mime type from extension mixed case" class="Tests\Unit\Services\MetLife\MetLifeApiServiceTest" classname="Tests.Unit.Services.MetLife.MetLifeApiServiceTest" assertions="1" time="0.031782"/>
        <testcase name="Service constructor initializes dependencies" file="Met Life Api Service (Tests\Unit\Services\MetLife\MetLifeApiService)::Service constructor initializes dependencies" class="Tests\Unit\Services\MetLife\MetLifeApiServiceTest" classname="Tests.Unit.Services.MetLife.MetLifeApiServiceTest" assertions="4" time="0.033069"/>
        <testcase name="Upload to metlife data structure validation" file="Met Life Api Service (Tests\Unit\Services\MetLife\MetLifeApiService)::Upload to metlife data structure validation" class="Tests\Unit\Services\MetLife\MetLifeApiServiceTest" classname="Tests.Unit.Services.MetLife.MetLifeApiServiceTest" assertions="3" time="0.026879"/>
        <testcase name="Upload to metlife with provider code" file="Met Life Api Service (Tests\Unit\Services\MetLife\MetLifeApiService)::Upload to metlife with provider code" class="Tests\Unit\Services\MetLife\MetLifeApiServiceTest" classname="Tests.Unit.Services.MetLife.MetLifeApiServiceTest" assertions="3" time="0.026557"/>
        <testcase name="Upload to metlife document name handling" file="Met Life Api Service (Tests\Unit\Services\MetLife\MetLifeApiService)::Upload to metlife document name handling" class="Tests\Unit\Services\MetLife\MetLifeApiServiceTest" classname="Tests.Unit.Services.MetLife.MetLifeApiServiceTest" assertions="15" time="0.032926"/>
        <testcase name="Upload to metlife with special characters in policy number" file="Met Life Api Service (Tests\Unit\Services\MetLife\MetLifeApiService)::Upload to metlife with special characters in policy number" class="Tests\Unit\Services\MetLife\MetLifeApiServiceTest" classname="Tests.Unit.Services.MetLife.MetLifeApiServiceTest" assertions="15" time="0.028417"/>
        <testcase name="Upload to metlife response consistency" file="Met Life Api Service (Tests\Unit\Services\MetLife\MetLifeApiService)::Upload to metlife response consistency" class="Tests\Unit\Services\MetLife\MetLifeApiServiceTest" classname="Tests.Unit.Services.MetLife.MetLifeApiServiceTest" assertions="4" time="0.027138"/>
      </testsuite>
      <testsuite name="Tests\Unit\Services\MetLife\MetLifeCacheServiceTest" file="Met Life Cache Service (Tests\Unit\Services\MetLife\MetLifeCacheService)" tests="5" assertions="20" errors="0" failures="0" skipped="0" time="0.438027">
        <testcase name="Load session returns cached data" file="Met Life Cache Service (Tests\Unit\Services\MetLife\MetLifeCacheService)::Load session returns cached data" class="Tests\Unit\Services\MetLife\MetLifeCacheServiceTest" classname="Tests.Unit.Services.MetLife.MetLifeCacheServiceTest" assertions="4" time="0.316232"/>
        <testcase name="Cache session stores data" file="Met Life Cache Service (Tests\Unit\Services\MetLife\MetLifeCacheService)::Cache session stores data" class="Tests\Unit\Services\MetLife\MetLifeCacheServiceTest" classname="Tests.Unit.Services.MetLife.MetLifeCacheServiceTest" assertions="2" time="0.028810"/>
        <testcase name="Cache tokens stores data" file="Met Life Cache Service (Tests\Unit\Services\MetLife\MetLifeCacheService)::Cache tokens stores data" class="Tests\Unit\Services\MetLife\MetLifeCacheServiceTest" classname="Tests.Unit.Services.MetLife.MetLifeCacheServiceTest" assertions="2" time="0.029370"/>
        <testcase name="Load cached session data with type casting" file="Met Life Cache Service (Tests\Unit\Services\MetLife\MetLifeCacheService)::Load cached session data with type casting" class="Tests\Unit\Services\MetLife\MetLifeCacheServiceTest" classname="Tests.Unit.Services.MetLife.MetLifeCacheServiceTest" assertions="6" time="0.035072"/>
        <testcase name="Clear cache removes all data" file="Met Life Cache Service (Tests\Unit\Services\MetLife\MetLifeCacheService)::Clear cache removes all data" class="Tests\Unit\Services\MetLife\MetLifeCacheServiceTest" classname="Tests.Unit.Services.MetLife.MetLifeCacheServiceTest" assertions="6" time="0.028543"/>
      </testsuite>
      <testsuite name="Tests\Unit\Services\MetLife\MetLifeRequestServiceTest" file="Met Life Request Service (Tests\Unit\Services\MetLife\MetLifeRequestService)" tests="7" assertions="25" errors="0" failures="0" skipped="0" time="0.270258">
        <testcase name="Make request get success" file="Met Life Request Service (Tests\Unit\Services\MetLife\MetLifeRequestService)::Make request get success" class="Tests\Unit\Services\MetLife\MetLifeRequestServiceTest" classname="Tests.Unit.Services.MetLife.MetLifeRequestServiceTest" assertions="4" time="0.089225"/>
        <testcase name="Make request post success" file="Met Life Request Service (Tests\Unit\Services\MetLife\MetLifeRequestService)::Make request post success" class="Tests\Unit\Services\MetLife\MetLifeRequestServiceTest" classname="Tests.Unit.Services.MetLife.MetLifeRequestServiceTest" assertions="3" time="0.034637"/>
        <testcase name="Make request unsupported method" file="Met Life Request Service (Tests\Unit\Services\MetLife\MetLifeRequestService)::Make request unsupported method" class="Tests\Unit\Services\MetLife\MetLifeRequestServiceTest" classname="Tests.Unit.Services.MetLife.MetLifeRequestServiceTest" assertions="2" time="0.029381"/>
        <testcase name="Make request failure" file="Met Life Request Service (Tests\Unit\Services\MetLife\MetLifeRequestService)::Make request failure" class="Tests\Unit\Services\MetLife\MetLifeRequestServiceTest" classname="Tests.Unit.Services.MetLife.MetLifeRequestServiceTest" assertions="4" time="0.028743"/>
        <testcase name="Build headers with auth" file="Met Life Request Service (Tests\Unit\Services\MetLife\MetLifeRequestService)::Build headers with auth" class="Tests\Unit\Services\MetLife\MetLifeRequestServiceTest" classname="Tests.Unit.Services.MetLife.MetLifeRequestServiceTest" assertions="4" time="0.031806"/>
        <testcase name="Build headers without auth" file="Met Life Request Service (Tests\Unit\Services\MetLife\MetLifeRequestService)::Build headers without auth" class="Tests\Unit\Services\MetLife\MetLifeRequestServiceTest" classname="Tests.Unit.Services.MetLife.MetLifeRequestServiceTest" assertions="5" time="0.028158"/>
        <testcase name="Exception handling" file="Met Life Request Service (Tests\Unit\Services\MetLife\MetLifeRequestService)::Exception handling" class="Tests\Unit\Services\MetLife\MetLifeRequestServiceTest" classname="Tests.Unit.Services.MetLife.MetLifeRequestServiceTest" assertions="3" time="0.028306"/>
      </testsuite>
      <testsuite name="Tests\Unit\Services\MetLife\MetLifeResponseServiceTest" file="Met Life Response Service (Tests\Unit\Services\MetLife\MetLifeResponseService)" tests="9" assertions="28" errors="0" failures="0" skipped="0" time="0.341598">
        <testcase name="Create response success" file="Met Life Response Service (Tests\Unit\Services\MetLife\MetLifeResponseService)::Create response success" class="Tests\Unit\Services\MetLife\MetLifeResponseServiceTest" classname="Tests.Unit.Services.MetLife.MetLifeResponseServiceTest" assertions="3" time="0.104144"/>
        <testcase name="Create response failure" file="Met Life Response Service (Tests\Unit\Services\MetLife\MetLifeResponseService)::Create response failure" class="Tests\Unit\Services\MetLife\MetLifeResponseServiceTest" classname="Tests.Unit.Services.MetLife.MetLifeResponseServiceTest" assertions="3" time="0.029048"/>
        <testcase name="Handle upload response success" file="Met Life Response Service (Tests\Unit\Services\MetLife\MetLifeResponseService)::Handle upload response success" class="Tests\Unit\Services\MetLife\MetLifeResponseServiceTest" classname="Tests.Unit.Services.MetLife.MetLifeResponseServiceTest" assertions="4" time="0.028234"/>
        <testcase name="Handle upload response nested file reference" file="Met Life Response Service (Tests\Unit\Services\MetLife\MetLifeResponseService)::Handle upload response nested file reference" class="Tests\Unit\Services\MetLife\MetLifeResponseServiceTest" classname="Tests.Unit.Services.MetLife.MetLifeResponseServiceTest" assertions="2" time="0.032766"/>
        <testcase name="Handle upload response failure" file="Met Life Response Service (Tests\Unit\Services\MetLife\MetLifeResponseService)::Handle upload response failure" class="Tests\Unit\Services\MetLife\MetLifeResponseServiceTest" classname="Tests.Unit.Services.MetLife.MetLifeResponseServiceTest" assertions="3" time="0.028984"/>
        <testcase name="Handle http response success" file="Met Life Response Service (Tests\Unit\Services\MetLife\MetLifeResponseService)::Handle http response success" class="Tests\Unit\Services\MetLife\MetLifeResponseServiceTest" classname="Tests.Unit.Services.MetLife.MetLifeResponseServiceTest" assertions="3" time="0.029013"/>
        <testcase name="Handle http response failure" file="Met Life Response Service (Tests\Unit\Services\MetLife\MetLifeResponseService)::Handle http response failure" class="Tests\Unit\Services\MetLife\MetLifeResponseServiceTest" classname="Tests.Unit.Services.MetLife.MetLifeResponseServiceTest" assertions="3" time="0.032893"/>
        <testcase name="Handle exception response" file="Met Life Response Service (Tests\Unit\Services\MetLife\MetLifeResponseService)::Handle exception response" class="Tests\Unit\Services\MetLife\MetLifeResponseServiceTest" classname="Tests.Unit.Services.MetLife.MetLifeResponseServiceTest" assertions="3" time="0.028096"/>
        <testcase name="Response structure consistency" file="Met Life Response Service (Tests\Unit\Services\MetLife\MetLifeResponseService)::Response structure consistency" class="Tests\Unit\Services\MetLife\MetLifeResponseServiceTest" classname="Tests.Unit.Services.MetLife.MetLifeResponseServiceTest" assertions="4" time="0.028420"/>
      </testsuite>
      <testsuite name="Tests\Unit\Services\MetLife\MetLifeSimpleTest" file="Met Life Simple (Tests\Unit\Services\MetLife\MetLifeSimple)" tests="7" assertions="24" errors="0" failures="0" skipped="0" time="0.301703">
        <testcase name="Request service http calls" file="Met Life Simple (Tests\Unit\Services\MetLife\MetLifeSimple)::Request service http calls" class="Tests\Unit\Services\MetLife\MetLifeSimpleTest" classname="Tests.Unit.Services.MetLife.MetLifeSimpleTest" assertions="3" time="0.123126"/>
        <testcase name="Cache service operations" file="Met Life Simple (Tests\Unit\Services\MetLife\MetLifeSimple)::Cache service operations" class="Tests\Unit\Services\MetLife\MetLifeSimpleTest" classname="Tests.Unit.Services.MetLife.MetLifeSimpleTest" assertions="4" time="0.028396"/>
        <testcase name="Validation service logic" file="Met Life Simple (Tests\Unit\Services\MetLife\MetLifeSimple)::Validation service logic" class="Tests\Unit\Services\MetLife\MetLifeSimpleTest" classname="Tests.Unit.Services.MetLife.MetLifeSimpleTest" assertions="3" time="0.028198"/>
        <testcase name="Http headers building" file="Met Life Simple (Tests\Unit\Services\MetLife\MetLifeSimple)::Http headers building" class="Tests\Unit\Services\MetLife\MetLifeSimpleTest" classname="Tests.Unit.Services.MetLife.MetLifeSimpleTest" assertions="4" time="0.032695"/>
        <testcase name="Cache clear functionality" file="Met Life Simple (Tests\Unit\Services\MetLife\MetLifeSimple)::Cache clear functionality" class="Tests\Unit\Services\MetLife\MetLifeSimpleTest" classname="Tests.Unit.Services.MetLife.MetLifeSimpleTest" assertions="4" time="0.028931"/>
        <testcase name="Response validation" file="Met Life Simple (Tests\Unit\Services\MetLife\MetLifeSimple)::Response validation" class="Tests\Unit\Services\MetLife\MetLifeSimpleTest" classname="Tests.Unit.Services.MetLife.MetLifeSimpleTest" assertions="3" time="0.028087"/>
        <testcase name="Exception handling" file="Met Life Simple (Tests\Unit\Services\MetLife\MetLifeSimple)::Exception handling" class="Tests\Unit\Services\MetLife\MetLifeSimpleTest" classname="Tests.Unit.Services.MetLife.MetLifeSimpleTest" assertions="3" time="0.032271"/>
      </testsuite>
      <testsuite name="Tests\Unit\Services\MetLife\MetLifeValidationServiceTest" file="Met Life Validation Service (Tests\Unit\Services\MetLife\MetLifeValidationService)" tests="40" assertions="51" errors="0" failures="6" skipped="0" time="1.270638">
        <testcase name="Is session valid with valid session" file="Met Life Validation Service (Tests\Unit\Services\MetLife\MetLifeValidationService)::Is session valid with valid session" class="Tests\Unit\Services\MetLife\MetLifeValidationServiceTest" classname="Tests.Unit.Services.MetLife.MetLifeValidationServiceTest" assertions="1" time="0.100115"/>
        <testcase name="Is session valid with expired session" file="Met Life Validation Service (Tests\Unit\Services\MetLife\MetLifeValidationService)::Is session valid with expired session" class="Tests\Unit\Services\MetLife\MetLifeValidationServiceTest" classname="Tests.Unit.Services.MetLife.MetLifeValidationServiceTest" assertions="1" time="0.028366"/>
        <testcase name="Is session valid with null session id original" file="Met Life Validation Service (Tests\Unit\Services\MetLife\MetLifeValidationService)::Is session valid with null session id original" class="Tests\Unit\Services\MetLife\MetLifeValidationServiceTest" classname="Tests.Unit.Services.MetLife.MetLifeValidationServiceTest" assertions="1" time="0.032753"/>
        <testcase name="Is csrf token valid with valid token" file="Met Life Validation Service (Tests\Unit\Services\MetLife\MetLifeValidationService)::Is csrf token valid with valid token" class="Tests\Unit\Services\MetLife\MetLifeValidationServiceTest" classname="Tests.Unit.Services.MetLife.MetLifeValidationServiceTest" assertions="1" time="0.028033"/>
        <testcase name="Is csrf token valid with expired token" file="Met Life Validation Service (Tests\Unit\Services\MetLife\MetLifeValidationService)::Is csrf token valid with expired token" class="Tests\Unit\Services\MetLife\MetLifeValidationServiceTest" classname="Tests.Unit.Services.MetLife.MetLifeValidationServiceTest" assertions="1" time="0.028642"/>
        <testcase name="Validate response with valid response" file="Met Life Validation Service (Tests\Unit\Services\MetLife\MetLifeValidationService)::Validate response with valid response" class="Tests\Unit\Services\MetLife\MetLifeValidationServiceTest" classname="Tests.Unit.Services.MetLife.MetLifeValidationServiceTest" assertions="1" time="0.033237"/>
        <testcase name="Validate response with invalid response" file="Met Life Validation Service (Tests\Unit\Services\MetLife\MetLifeValidationService)::Validate response with invalid response" class="Tests\Unit\Services\MetLife\MetLifeValidationServiceTest" classname="Tests.Unit.Services.MetLife.MetLifeValidationServiceTest" assertions="1" time="0.028598"/>
        <testcase name="Handle exception returns correct format" file="Met Life Validation Service (Tests\Unit\Services\MetLife\MetLifeValidationService)::Handle exception returns correct format" class="Tests\Unit\Services\MetLife\MetLifeValidationServiceTest" classname="Tests.Unit.Services.MetLife.MetLifeValidationServiceTest" assertions="3" time="0.028627"/>
        <testcase name="Should validate payment logic coverage" file="Met Life Validation Service (Tests\Unit\Services\MetLife\MetLifeValidationService)::Should validate payment logic coverage" class="Tests\Unit\Services\MetLife\MetLifeValidationServiceTest" classname="Tests.Unit.Services.MetLife.MetLifeValidationServiceTest" assertions="1" time="0.033837">
          <failure type="PHPUnit\Framework\ExpectationFailedException">Should validate payment logic coverageMetLife with integration enabled should skip payment validation
Failed asserting that true is false.
at tests/Unit/Services/MetLife/MetLifeValidationServiceTest.php:125</failure>
        </testcase>
        <testcase name="Is provider metlife with valid provider" file="Met Life Validation Service (Tests\Unit\Services\MetLife\MetLifeValidationService)::Is provider metlife with valid provider" class="Tests\Unit\Services\MetLife\MetLifeValidationServiceTest" classname="Tests.Unit.Services.MetLife.MetLifeValidationServiceTest" assertions="1" time="0.028387"/>
        <testcase name="Is provider metlife with invalid provider" file="Met Life Validation Service (Tests\Unit\Services\MetLife\MetLifeValidationService)::Is provider metlife with invalid provider" class="Tests\Unit\Services\MetLife\MetLifeValidationServiceTest" classname="Tests.Unit.Services.MetLife.MetLifeValidationServiceTest" assertions="1" time="0.028353"/>
        <testcase name="Is provider metlife with null provider" file="Met Life Validation Service (Tests\Unit\Services\MetLife\MetLifeValidationService)::Is provider metlife with null provider" class="Tests\Unit\Services\MetLife\MetLifeValidationServiceTest" classname="Tests.Unit.Services.MetLife.MetLifeValidationServiceTest" assertions="1" time="0.032727"/>
        <testcase name="Is provider metlife with empty string provider" file="Met Life Validation Service (Tests\Unit\Services\MetLife\MetLifeValidationService)::Is provider metlife with empty string provider" class="Tests\Unit\Services\MetLife\MetLifeValidationServiceTest" classname="Tests.Unit.Services.MetLife.MetLifeValidationServiceTest" assertions="1" time="0.028444"/>
        <testcase name="Is provider metlife case sensitivity" file="Met Life Validation Service (Tests\Unit\Services\MetLife\MetLifeValidationService)::Is provider metlife case sensitivity" class="Tests\Unit\Services\MetLife\MetLifeValidationServiceTest" classname="Tests.Unit.Services.MetLife.MetLifeValidationServiceTest" assertions="1" time="0.028101"/>
        <testcase name="Is csrf token valid with null token" file="Met Life Validation Service (Tests\Unit\Services\MetLife\MetLifeValidationService)::Is csrf token valid with null token" class="Tests\Unit\Services\MetLife\MetLifeValidationServiceTest" classname="Tests.Unit.Services.MetLife.MetLifeValidationServiceTest" assertions="1" time="0.032139"/>
        <testcase name="Is csrf token valid with null created at" file="Met Life Validation Service (Tests\Unit\Services\MetLife\MetLifeValidationService)::Is csrf token valid with null created at" class="Tests\Unit\Services\MetLife\MetLifeValidationServiceTest" classname="Tests.Unit.Services.MetLife.MetLifeValidationServiceTest" assertions="1" time="0.027639"/>
        <testcase name="Is csrf token valid with both null" file="Met Life Validation Service (Tests\Unit\Services\MetLife\MetLifeValidationService)::Is csrf token valid with both null" class="Tests\Unit\Services\MetLife\MetLifeValidationServiceTest" classname="Tests.Unit.Services.MetLife.MetLifeValidationServiceTest" assertions="1" time="0.027383"/>
        <testcase name="Is csrf token valid with zero timeout" file="Met Life Validation Service (Tests\Unit\Services\MetLife\MetLifeValidationService)::Is csrf token valid with zero timeout" class="Tests\Unit\Services\MetLife\MetLifeValidationServiceTest" classname="Tests.Unit.Services.MetLife.MetLifeValidationServiceTest" assertions="1" time="0.037310"/>
        <testcase name="Is csrf token valid with negative timeout" file="Met Life Validation Service (Tests\Unit\Services\MetLife\MetLifeValidationService)::Is csrf token valid with negative timeout" class="Tests\Unit\Services\MetLife\MetLifeValidationServiceTest" classname="Tests.Unit.Services.MetLife.MetLifeValidationServiceTest" assertions="1" time="0.028292"/>
        <testcase name="Is session valid with null session id" file="Met Life Validation Service (Tests\Unit\Services\MetLife\MetLifeValidationService)::Is session valid with null session id" class="Tests\Unit\Services\MetLife\MetLifeValidationServiceTest" classname="Tests.Unit.Services.MetLife.MetLifeValidationServiceTest" assertions="1" time="0.028627"/>
        <testcase name="Is session valid with null created at" file="Met Life Validation Service (Tests\Unit\Services\MetLife\MetLifeValidationService)::Is session valid with null created at" class="Tests\Unit\Services\MetLife\MetLifeValidationServiceTest" classname="Tests.Unit.Services.MetLife.MetLifeValidationServiceTest" assertions="1" time="0.033729"/>
        <testcase name="Is session valid with both null" file="Met Life Validation Service (Tests\Unit\Services\MetLife\MetLifeValidationService)::Is session valid with both null" class="Tests\Unit\Services\MetLife\MetLifeValidationServiceTest" classname="Tests.Unit.Services.MetLife.MetLifeValidationServiceTest" assertions="1" time="0.028448"/>
        <testcase name="Is session valid with zero timeout" file="Met Life Validation Service (Tests\Unit\Services\MetLife\MetLifeValidationService)::Is session valid with zero timeout" class="Tests\Unit\Services\MetLife\MetLifeValidationServiceTest" classname="Tests.Unit.Services.MetLife.MetLifeValidationServiceTest" assertions="1" time="0.027991"/>
        <testcase name="Is session valid with negative timeout" file="Met Life Validation Service (Tests\Unit\Services\MetLife\MetLifeValidationService)::Is session valid with negative timeout" class="Tests\Unit\Services\MetLife\MetLifeValidationServiceTest" classname="Tests.Unit.Services.MetLife.MetLifeValidationServiceTest" assertions="1" time="0.033391"/>
        <testcase name="Is session valid exactly at timeout" file="Met Life Validation Service (Tests\Unit\Services\MetLife\MetLifeValidationService)::Is session valid exactly at timeout" class="Tests\Unit\Services\MetLife\MetLifeValidationServiceTest" classname="Tests.Unit.Services.MetLife.MetLifeValidationServiceTest" assertions="1" time="0.028210"/>
        <testcase name="Is csrf token valid exactly at timeout" file="Met Life Validation Service (Tests\Unit\Services\MetLife\MetLifeValidationService)::Is csrf token valid exactly at timeout" class="Tests\Unit\Services\MetLife\MetLifeValidationServiceTest" classname="Tests.Unit.Services.MetLife.MetLifeValidationServiceTest" assertions="1" time="0.028752"/>
        <testcase name="Validate response with missing status" file="Met Life Validation Service (Tests\Unit\Services\MetLife\MetLifeValidationService)::Validate response with missing status" class="Tests\Unit\Services\MetLife\MetLifeValidationServiceTest" classname="Tests.Unit.Services.MetLife.MetLifeValidationServiceTest" assertions="1" time="0.033198"/>
        <testcase name="Validate response with string status" file="Met Life Validation Service (Tests\Unit\Services\MetLife\MetLifeValidationService)::Validate response with string status" class="Tests\Unit\Services\MetLife\MetLifeValidationServiceTest" classname="Tests.Unit.Services.MetLife.MetLifeValidationServiceTest" assertions="1" time="0.028386"/>
        <testcase name="Validate response with integer status" file="Met Life Validation Service (Tests\Unit\Services\MetLife\MetLifeValidationService)::Validate response with integer status" class="Tests\Unit\Services\MetLife\MetLifeValidationServiceTest" classname="Tests.Unit.Services.MetLife.MetLifeValidationServiceTest" assertions="1" time="0.028687"/>
        <testcase name="Validate response with empty array" file="Met Life Validation Service (Tests\Unit\Services\MetLife\MetLifeValidationService)::Validate response with empty array" class="Tests\Unit\Services\MetLife\MetLifeValidationServiceTest" classname="Tests.Unit.Services.MetLife.MetLifeValidationServiceTest" assertions="1" time="0.032974"/>
        <testcase name="Handle exception with different exception types" file="Met Life Validation Service (Tests\Unit\Services\MetLife\MetLifeValidationService)::Handle exception with different exception types" class="Tests\Unit\Services\MetLife\MetLifeValidationServiceTest" classname="Tests.Unit.Services.MetLife.MetLifeValidationServiceTest" assertions="3" time="0.028711"/>
        <testcase name="Handle exception with empty action" file="Met Life Validation Service (Tests\Unit\Services\MetLife\MetLifeValidationService)::Handle exception with empty action" class="Tests\Unit\Services\MetLife\MetLifeValidationServiceTest" classname="Tests.Unit.Services.MetLife.MetLifeValidationServiceTest" assertions="3" time="0.028436"/>
        <testcase name="Handle exception with special characters in action" file="Met Life Validation Service (Tests\Unit\Services\MetLife\MetLifeValidationService)::Handle exception with special characters in action" class="Tests\Unit\Services\MetLife\MetLifeValidationServiceTest" classname="Tests.Unit.Services.MetLife.MetLifeValidationServiceTest" assertions="3" time="0.032761"/>
        <testcase name="Should validate payment with integration disabled" file="Met Life Validation Service (Tests\Unit\Services\MetLife\MetLifeValidationService)::Should validate payment with integration disabled" class="Tests\Unit\Services\MetLife\MetLifeValidationServiceTest" classname="Tests.Unit.Services.MetLife.MetLifeValidationServiceTest" assertions="1" time="0.028388">
          <failure type="PHPUnit\Framework\ExpectationFailedException">Should validate payment with integration disabledMetLife with integration disabled returns false due to logic bug
Failed asserting that true is false.
at tests/Unit/Services/MetLife/MetLifeValidationServiceTest.php:350</failure>
        </testcase>
        <testcase name="Should validate payment with integration null" file="Met Life Validation Service (Tests\Unit\Services\MetLife\MetLifeValidationService)::Should validate payment with integration null" class="Tests\Unit\Services\MetLife\MetLifeValidationServiceTest" classname="Tests.Unit.Services.MetLife.MetLifeValidationServiceTest" assertions="1" time="0.028351">
          <failure type="PHPUnit\Framework\ExpectationFailedException">Should validate payment with integration nullMetLife with integration null returns false due to logic bug
Failed asserting that true is false.
at tests/Unit/Services/MetLife/MetLifeValidationServiceTest.php:362</failure>
        </testcase>
        <testcase name="Should validate payment with integration false" file="Met Life Validation Service (Tests\Unit\Services\MetLife\MetLifeValidationService)::Should validate payment with integration false" class="Tests\Unit\Services\MetLife\MetLifeValidationServiceTest" classname="Tests.Unit.Services.MetLife.MetLifeValidationServiceTest" assertions="1" time="0.032801">
          <failure type="PHPUnit\Framework\ExpectationFailedException">Should validate payment with integration falseMetLife with integration false returns false due to logic bug
Failed asserting that true is false.
at tests/Unit/Services/MetLife/MetLifeValidationServiceTest.php:374</failure>
        </testcase>
        <testcase name="Should validate payment with integration string true" file="Met Life Validation Service (Tests\Unit\Services\MetLife\MetLifeValidationService)::Should validate payment with integration string true" class="Tests\Unit\Services\MetLife\MetLifeValidationServiceTest" classname="Tests.Unit.Services.MetLife.MetLifeValidationServiceTest" assertions="1" time="0.028160">
          <failure type="PHPUnit\Framework\ExpectationFailedException">Should validate payment with integration string trueMetLife with integration as string "1" should skip payment validation
Failed asserting that true is false.
at tests/Unit/Services/MetLife/MetLifeValidationServiceTest.php:386</failure>
        </testcase>
        <testcase name="Should validate payment with integration string false" file="Met Life Validation Service (Tests\Unit\Services\MetLife\MetLifeValidationService)::Should validate payment with integration string false" class="Tests\Unit\Services\MetLife\MetLifeValidationServiceTest" classname="Tests.Unit.Services.MetLife.MetLifeValidationServiceTest" assertions="1" time="0.028120">
          <failure type="PHPUnit\Framework\ExpectationFailedException">Should validate payment with integration string falseMetLife with integration as string "0" returns false due to logic bug
Failed asserting that true is false.
at tests/Unit/Services/MetLife/MetLifeValidationServiceTest.php:398</failure>
        </testcase>
        <testcase name="Is integration enabled returns boolean" file="Met Life Validation Service (Tests\Unit\Services\MetLife\MetLifeValidationService)::Is integration enabled returns boolean" class="Tests\Unit\Services\MetLife\MetLifeValidationServiceTest" classname="Tests.Unit.Services.MetLife.MetLifeValidationServiceTest" assertions="1" time="0.033293"/>
        <testcase name="Validation methods return boolean" file="Met Life Validation Service (Tests\Unit\Services\MetLife\MetLifeValidationService)::Validation methods return boolean" class="Tests\Unit\Services\MetLife\MetLifeValidationServiceTest" classname="Tests.Unit.Services.MetLife.MetLifeValidationServiceTest" assertions="4" time="0.028242"/>
      </testsuite>
    </testsuite>
    <testsuite name="Feature" tests="24" assertions="70" errors="12" failures="0" skipped="0" time="1.463019">
      <testsuite name="Tests\Feature\LifeQuoteTest" file="tests/Feature/LifeQuoteTest.php" tests="2" assertions="39" errors="0" failures="0" skipped="0" time="0.706475">
        <testcase name="can create a life quote using actual controller method" file="tests/Feature/LifeQuoteTest.php::can create a life quote using actual controller method" class="Tests\Feature\LifeQuoteTest" classname="Tests.Feature.LifeQuoteTest" assertions="20" time="0.565578"/>
        <testcase name="validates required fields when creating life quote" file="tests/Feature/LifeQuoteTest.php::validates required fields when creating life quote" class="Tests\Feature\LifeQuoteTest" classname="Tests.Feature.LifeQuoteTest" assertions="19" time="0.140897"/>
      </testsuite>
      <testsuite name="Tests\Feature\MetLifeIntegrationTest" file="Met Life Integration (Tests\Feature\MetLifeIntegration)" tests="22" assertions="31" errors="12" failures="0" skipped="0" time="0.756544">
        <testcase name="Initialize with successful api response" file="Met Life Integration (Tests\Feature\MetLifeIntegration)::Initialize with successful api response" class="Tests\Feature\MetLifeIntegrationTest" classname="Tests.Feature.MetLifeIntegrationTest" assertions="0" time="0.064995">
          <error type="TypeError">Initialize with successful api responseTypeError: Cannot assign null to property App\Services\MetLife\MetLifeApiService::$baseUrl of type string
at app/Services/MetLife/MetLifeApiService.php:42
at tests/Feature/MetLifeIntegrationTest.php:32</error>
        </testcase>
        <testcase name="Login with successful api response" file="Met Life Integration (Tests\Feature\MetLifeIntegration)::Login with successful api response" class="Tests\Feature\MetLifeIntegrationTest" classname="Tests.Feature.MetLifeIntegrationTest" assertions="0" time="0.028603">
          <error type="TypeError">Login with successful api responseTypeError: Cannot assign null to property App\Services\MetLife\MetLifeApiService::$baseUrl of type string
at app/Services/MetLife/MetLifeApiService.php:42
at tests/Feature/MetLifeIntegrationTest.php:50</error>
        </testcase>
        <testcase name="Cache session and load" file="Met Life Integration (Tests\Feature\MetLifeIntegration)::Cache session and load" class="Tests\Feature\MetLifeIntegrationTest" classname="Tests.Feature.MetLifeIntegrationTest" assertions="4" time="0.028798"/>
        <testcase name="Cached session data with type casting" file="Met Life Integration (Tests\Feature\MetLifeIntegration)::Cached session data with type casting" class="Tests\Feature\MetLifeIntegrationTest" classname="Tests.Feature.MetLifeIntegrationTest" assertions="3" time="0.032594"/>
        <testcase name="Expired session detection" file="Met Life Integration (Tests\Feature\MetLifeIntegration)::Expired session detection" class="Tests\Feature\MetLifeIntegrationTest" classname="Tests.Feature.MetLifeIntegrationTest" assertions="2" time="0.028005"/>
        <testcase name="Valid session detection" file="Met Life Integration (Tests\Feature\MetLifeIntegration)::Valid session detection" class="Tests\Feature\MetLifeIntegrationTest" classname="Tests.Feature.MetLifeIntegrationTest" assertions="2" time="0.028032"/>
        <testcase name="Session at timeout boundary" file="Met Life Integration (Tests\Feature\MetLifeIntegration)::Session at timeout boundary" class="Tests\Feature\MetLifeIntegrationTest" classname="Tests.Feature.MetLifeIntegrationTest" assertions="1" time="0.034068"/>
        <testcase name="Api failure response" file="Met Life Integration (Tests\Feature\MetLifeIntegration)::Api failure response" class="Tests\Feature\MetLifeIntegrationTest" classname="Tests.Feature.MetLifeIntegrationTest" assertions="0" time="0.029161">
          <error type="TypeError">Api failure responseTypeError: Cannot assign null to property App\Services\MetLife\MetLifeApiService::$baseUrl of type string
at app/Services/MetLife/MetLifeApiService.php:42
at tests/Feature/MetLifeIntegrationTest.php:133</error>
        </testcase>
        <testcase name="Network timeout handling" file="Met Life Integration (Tests\Feature\MetLifeIntegration)::Network timeout handling" class="Tests\Feature\MetLifeIntegrationTest" classname="Tests.Feature.MetLifeIntegrationTest" assertions="0" time="0.029068">
          <error type="TypeError">Network timeout handlingTypeError: Cannot assign null to property App\Services\MetLife\MetLifeApiService::$baseUrl of type string
at app/Services/MetLife/MetLifeApiService.php:42
at tests/Feature/MetLifeIntegrationTest.php:146</error>
        </testcase>
        <testcase name="Invalid credentials response" file="Met Life Integration (Tests\Feature\MetLifeIntegration)::Invalid credentials response" class="Tests\Feature\MetLifeIntegrationTest" classname="Tests.Feature.MetLifeIntegrationTest" assertions="0" time="0.033841">
          <error type="TypeError">Invalid credentials responseTypeError: Cannot assign null to property App\Services\MetLife\MetLifeApiService::$baseUrl of type string
at app/Services/MetLife/MetLifeApiService.php:42
at tests/Feature/MetLifeIntegrationTest.php:162</error>
        </testcase>
        <testcase name="Cache clear removes all data" file="Met Life Integration (Tests\Feature\MetLifeIntegration)::Cache clear removes all data" class="Tests\Feature\MetLifeIntegrationTest" classname="Tests.Feature.MetLifeIntegrationTest" assertions="6" time="0.028125"/>
        <testcase name="Get api version" file="Met Life Integration (Tests\Feature\MetLifeIntegration)::Get api version" class="Tests\Feature\MetLifeIntegrationTest" classname="Tests.Feature.MetLifeIntegrationTest" assertions="0" time="0.027436">
          <error type="TypeError">Get api versionTypeError: Cannot assign null to property App\Services\MetLife\MetLifeApiService::$baseUrl of type string
at app/Services/MetLife/MetLifeApiService.php:42
at tests/Feature/MetLifeIntegrationTest.php:191</error>
        </testcase>
        <testcase name="Is metlife enabled returns boolean" file="Met Life Integration (Tests\Feature\MetLifeIntegration)::Is metlife enabled returns boolean" class="Tests\Feature\MetLifeIntegrationTest" classname="Tests.Feature.MetLifeIntegrationTest" assertions="0" time="0.032125">
          <error type="TypeError">Is metlife enabled returns booleanTypeError: Cannot assign null to property App\Services\MetLife\MetLifeApiService::$baseUrl of type string
at app/Services/MetLife/MetLifeApiService.php:42
at tests/Feature/MetLifeIntegrationTest.php:200</error>
        </testcase>
        <testcase name="Upload validation missing policy number" file="Met Life Integration (Tests\Feature\MetLifeIntegration)::Upload validation missing policy number" class="Tests\Feature\MetLifeIntegrationTest" classname="Tests.Feature.MetLifeIntegrationTest" assertions="0" time="0.028092">
          <error type="TypeError">Upload validation missing policy numberTypeError: Cannot assign null to property App\Services\MetLife\MetLifeApiService::$baseUrl of type string
at app/Services/MetLife/MetLifeApiService.php:42
at tests/Feature/MetLifeIntegrationTest.php:208</error>
        </testcase>
        <testcase name="Upload validation missing file" file="Met Life Integration (Tests\Feature\MetLifeIntegration)::Upload validation missing file" class="Tests\Feature\MetLifeIntegrationTest" classname="Tests.Feature.MetLifeIntegrationTest" assertions="0" time="0.028449">
          <error type="TypeError">Upload validation missing fileTypeError: Cannot assign null to property App\Services\MetLife\MetLifeApiService::$baseUrl of type string
at app/Services/MetLife/MetLifeApiService.php:42
at tests/Feature/MetLifeIntegrationTest.php:219</error>
        </testcase>
        <testcase name="Upload validation empty policy number" file="Met Life Integration (Tests\Feature\MetLifeIntegration)::Upload validation empty policy number" class="Tests\Feature\MetLifeIntegrationTest" classname="Tests.Feature.MetLifeIntegrationTest" assertions="0" time="0.033325">
          <error type="TypeError">Upload validation empty policy numberTypeError: Cannot assign null to property App\Services\MetLife\MetLifeApiService::$baseUrl of type string
at app/Services/MetLife/MetLifeApiService.php:42
at tests/Feature/MetLifeIntegrationTest.php:230</error>
        </testcase>
        <testcase name="Upload validation empty file" file="Met Life Integration (Tests\Feature\MetLifeIntegration)::Upload validation empty file" class="Tests\Feature\MetLifeIntegrationTest" classname="Tests.Feature.MetLifeIntegrationTest" assertions="0" time="0.028216">
          <error type="TypeError">Upload validation empty fileTypeError: Cannot assign null to property App\Services\MetLife\MetLifeApiService::$baseUrl of type string
at app/Services/MetLife/MetLifeApiService.php:42
at tests/Feature/MetLifeIntegrationTest.php:241</error>
        </testcase>
        <testcase name="Response structure consistency" file="Met Life Integration (Tests\Feature\MetLifeIntegration)::Response structure consistency" class="Tests\Feature\MetLifeIntegrationTest" classname="Tests.Feature.MetLifeIntegrationTest" assertions="0" time="0.041758">
          <error type="TypeError">Response structure consistencyTypeError: Cannot assign null to property App\Services\MetLife\MetLifeApiService::$baseUrl of type string
at app/Services/MetLife/MetLifeApiService.php:42
at tests/Feature/MetLifeIntegrationTest.php:252</error>
        </testcase>
        <testcase name="Null session validation" file="Met Life Integration (Tests\Feature\MetLifeIntegration)::Null session validation" class="Tests\Feature\MetLifeIntegrationTest" classname="Tests.Feature.MetLifeIntegrationTest" assertions="4" time="0.047842"/>
        <testcase name="Response validation" file="Met Life Integration (Tests\Feature\MetLifeIntegration)::Response validation" class="Tests\Feature\MetLifeIntegrationTest" classname="Tests.Feature.MetLifeIntegrationTest" assertions="3" time="0.038893"/>
        <testcase name="Exception handling" file="Met Life Integration (Tests\Feature\MetLifeIntegration)::Exception handling" class="Tests\Feature\MetLifeIntegrationTest" classname="Tests.Feature.MetLifeIntegrationTest" assertions="3" time="0.039283"/>
        <testcase name="Provider metlife check" file="Met Life Integration (Tests\Feature\MetLifeIntegration)::Provider metlife check" class="Tests\Feature\MetLifeIntegrationTest" classname="Tests.Feature.MetLifeIntegrationTest" assertions="3" time="0.045833"/>
      </testsuite>
    </testsuite>
  </testsuite>
</testsuites>
